// Jest Snapshot v1, https://goo.gl/fbAQLP

exports[`Request Logger should log aborted request 1`] = `[MockFunction]`;

exports[`Request Logger should log route error 1`] = `[MockFunction]`;

exports[`Request Logger should log success 1`] = `[MockFunction]`;

exports[`Request Logger should response error 1`] = `
[MockFunction] {
  "calls": [
    [
      "request error",
      {
        "error": [Error: Response simulated error],
        "req": {
          "headers": {
            "content-type": undefined,
            "user-agent": undefined,
          },
          "method": "GET",
          "query": {},
          "url": "/",
        },
        "res": {
          "statusCode": 200,
        },
        "responseTime": 0,
      },
    ],
  ],
  "results": [
    {
      "type": "return",
      "value": undefined,
    },
  ],
}
`;
